// Jest Snapshot v1, https://goo.gl/fbAQLP

exports[`matches a snapshot 1`] = `
<div
  className="flex-row flex-wrap  block"
>
  <span>
    Add property: Â 
  </span>
  <span
    className="field has-addons"
  >
    <span
      className="control"
    >
      <span
        className="select   is-small"
      >
        <select
          onChange={[Function]}
          value="fill"
        >
          <option
            key="fill"
          >
            fill
          </option>
          <option
            key="stroke"
          >
            stroke
          </option>
          <option
            key="strokeWidth"
          >
            strokeWidth
          </option>
          <option
            key="cx"
          >
            cx
          </option>
          <option
            key="cy"
          >
            cy
          </option>
        </select>
      </span>
    </span>
    <span
      className="control"
    >
      <button
        className="button is-small is-primary"
        onClick={[Function]}
      >
        +
      </button>
    </span>
  </span>
  <span
    className="flex-row has-hmargin-med"
    key="x"
  >
    <span
      className="key-name"
    >
      x
      :  
    </span>
    <span
      className="field has-addons"
    >
      <span
        className="control"
      >
        <input
          className="input is-small    "
          onChange={[Function]}
          style={
            Object {
              "width": "3rem",
            }
          }
          value={10}
        />
      </span>
      <span
        className="control"
      >
        <button
          className="button is-small is-danger"
          onClick={[Function]}
        >
          <FontAwesomeIcon
            border={false}
            className=""
            fixedWidth={false}
            flip={null}
            icon={
              Object {
                "icon": Array [
                  448,
                  512,
                  Array [],
                  "f1f8",
                  "M432 32H312l-9.4-18.7A24 24 0 0 0 281.1 0H166.8a23.72 23.72 0 0 0-21.4 13.3L136 32H16A16 16 0 0 0 0 48v32a16 16 0 0 0 16 16h416a16 16 0 0 0 16-16V48a16 16 0 0 0-16-16zM53.2 467a48 48 0 0 0 47.9 45h245.8a48 48 0 0 0 47.9-45L416 128H32z",
                ],
                "iconName": "trash",
                "prefix": "fas",
              }
            }
            inverse={false}
            listItem={false}
            mask={null}
            pull={null}
            pulse={false}
            rotation={null}
            size={null}
            spin={false}
            symbol={false}
            title=""
            transform={null}
          />
        </button>
      </span>
    </span>
  </span>
  <span
    className="flex-row has-hmargin-med"
    key="y"
  >
    <span
      className="key-name"
    >
      y
      :  
    </span>
    <span
      className="field has-addons"
    >
      <span
        className="control"
      >
        <input
          className="input is-small    "
          onChange={[Function]}
          style={
            Object {
              "width": "3rem",
            }
          }
          value={20}
        />
      </span>
      <span
        className="control"
      >
        <button
          className="button is-small is-danger"
          onClick={[Function]}
        >
          <FontAwesomeIcon
            border={false}
            className=""
            fixedWidth={false}
            flip={null}
            icon={
              Object {
                "icon": Array [
                  448,
                  512,
                  Array [],
                  "f1f8",
                  "M432 32H312l-9.4-18.7A24 24 0 0 0 281.1 0H166.8a23.72 23.72 0 0 0-21.4 13.3L136 32H16A16 16 0 0 0 0 48v32a16 16 0 0 0 16 16h416a16 16 0 0 0 16-16V48a16 16 0 0 0-16-16zM53.2 467a48 48 0 0 0 47.9 45h245.8a48 48 0 0 0 47.9-45L416 128H32z",
                ],
                "iconName": "trash",
                "prefix": "fas",
              }
            }
            inverse={false}
            listItem={false}
            mask={null}
            pull={null}
            pulse={false}
            rotation={null}
            size={null}
            spin={false}
            symbol={false}
            title=""
            transform={null}
          />
        </button>
      </span>
    </span>
  </span>
  <span
    className="flex-row has-hmargin-med"
    key="r"
  >
    <span
      className="key-name"
    >
      r
      :  
    </span>
    <span
      className="field has-addons"
    >
      <span
        className="control"
      >
        <input
          className="input is-small    "
          onChange={[Function]}
          style={
            Object {
              "width": "3rem",
            }
          }
          value={30}
        />
      </span>
      <span
        className="control"
      >
        <button
          className="button is-small is-danger"
          onClick={[Function]}
        >
          <FontAwesomeIcon
            border={false}
            className=""
            fixedWidth={false}
            flip={null}
            icon={
              Object {
                "icon": Array [
                  448,
                  512,
                  Array [],
                  "f1f8",
                  "M432 32H312l-9.4-18.7A24 24 0 0 0 281.1 0H166.8a23.72 23.72 0 0 0-21.4 13.3L136 32H16A16 16 0 0 0 0 48v32a16 16 0 0 0 16 16h416a16 16 0 0 0 16-16V48a16 16 0 0 0-16-16zM53.2 467a48 48 0 0 0 47.9 45h245.8a48 48 0 0 0 47.9-45L416 128H32z",
                ],
                "iconName": "trash",
                "prefix": "fas",
              }
            }
            inverse={false}
            listItem={false}
            mask={null}
            pull={null}
            pulse={false}
            rotation={null}
            size={null}
            spin={false}
            symbol={false}
            title=""
            transform={null}
          />
        </button>
      </span>
    </span>
  </span>
</div>
`;
